// Jest Snapshot v1, https://goo.gl/fbAQLP

exports[`WorkItemRelationshipList renders linked item list 1`] = `
<div
  data-testid="work-item-linked-items-list"
>
  <h3
    class="gl-font-semibold gl-mb-2 gl-mt-4 gl-mx-5 gl-text-sm gl-text-subtle"
    data-testid="work-items-list-heading"
  >
    Blocking
  </h3>
  <div
    class="work-items-list-body"
  >
    <ul
      class="content-list work-items-list"
    >
      <li
        class="!-gl-mx-3 !gl-border-b-0 !gl-py-0"
      >
        <work-item-link-child-contents-stub
          canupdate="true"
          childitem="[object Object]"
          showlabels="true"
          workitemfullpath="test-project-path"
        />
      </li>
    </ul>
  </div>
</div>
`;
